C:\Users\ander\Documents\NetBeansProjects\NetBeansProjects\conexionC\src\main\java\com\mycompany\conexionc\InicioSesion.java
C:\Users\ander\Documents\NetBeansProjects\NetBeansProjects\conexionC\src\main\java\com\mycompany\conexionc\Carrito.java
C:\Users\ander\Documents\NetBeansProjects\NetBeansProjects\conexionC\src\main\java\com\mycompany\conexionc\Lobby.java
C:\Users\ander\Documents\NetBeansProjects\NetBeansProjects\conexionC\src\main\java\com\mycompany\conexionc\ProductNoExist.java
C:\Users\ander\Documents\NetBeansProjects\NetBeansProjects\conexionC\src\main\java\com\mycompany\conexionc\SolicitudProveedor.java
C:\Users\ander\Documents\NetBeansProjects\NetBeansProjects\conexionC\src\main\java\com\mycompany\conexionc\LobbyInventario.java
C:\Users\ander\Documents\NetBeansProjects\NetBeansProjects\conexionC\src\main\java\com\mycompany\conexionc\Coneccion.java
C:\Users\ander\Documents\NetBeansProjects\NetBeansProjects\conexionC\src\main\java\com\mycompany\conexionc\AgregarProducto.java
C:\Users\ander\Documents\NetBeansProjects\NetBeansProjects\conexionC\src\main\java\com\mycompany\conexionc\LobbyClientes.java
C:\Users\ander\Documents\NetBeansProjects\NetBeansProjects\conexionC\src\main\java\com\mycompany\conexionc\Productos.java
C:\Users\ander\Documents\NetBeansProjects\NetBeansProjects\conexionC\src\main\java\com\mycompany\conexionc\LobbyProveedores.java
C:\Users\ander\Documents\NetBeansProjects\NetBeansProjects\conexionC\src\main\java\com\mycompany\conexionc\Proveedores.java
